2026-01-26 08:09:01.921 +08 [7708] LOG:  database system was shut down at 2026-01-26 08:08:20 +08
2026-01-26 08:09:01.952 +08 [6000] LOG:  database system is ready to accept connections
2026-01-26 10:04:06.942 +08 [30564] LOG:  could not receive data from client: An existing connection was forcibly closed by the remote host.
	
2026-01-26 10:04:06.942 +08 [20096] LOG:  could not receive data from client: An existing connection was forcibly closed by the remote host.
	
2026-01-26 10:04:06.943 +08 [26080] LOG:  could not receive data from client: An existing connection was forcibly closed by the remote host.
	
2026-01-26 10:04:06.943 +08 [20616] LOG:  could not receive data from client: An existing connection was forcibly closed by the remote host.
	
2026-01-26 13:28:51.500 +08 [1912] LOG:  could not receive data from client: An existing connection was forcibly closed by the remote host.
	
2026-01-26 13:28:51.503 +08 [33072] LOG:  could not receive data from client: An existing connection was forcibly closed by the remote host.
	
2026-01-26 13:28:51.507 +08 [10620] LOG:  could not receive data from client: An existing connection was forcibly closed by the remote host.
	
2026-01-26 13:28:51.508 +08 [18144] LOG:  could not receive data from client: An existing connection was forcibly closed by the remote host.
	
2026-01-26 13:28:51.516 +08 [9564] LOG:  could not receive data from client: An existing connection was forcibly closed by the remote host.
	
2026-01-26 13:28:51.519 +08 [27340] LOG:  could not receive data from client: An existing connection was forcibly closed by the remote host.
	
2026-01-26 13:28:51.519 +08 [4856] LOG:  could not receive data from client: An existing connection was forcibly closed by the remote host.
	
2026-01-26 13:28:51.522 +08 [30716] LOG:  could not receive data from client: An existing connection was forcibly closed by the remote host.
	
2026-01-26 14:43:30.902 +08 [31276] LOG:  could not receive data from client: An existing connection was forcibly closed by the remote host.
	
2026-01-26 14:43:30.903 +08 [33960] LOG:  could not receive data from client: An existing connection was forcibly closed by the remote host.
	
2026-01-26 14:43:30.905 +08 [29796] LOG:  could not receive data from client: An existing connection was forcibly closed by the remote host.
	
2026-01-26 14:43:30.906 +08 [25792] LOG:  could not receive data from client: An existing connection was forcibly closed by the remote host.
	
2026-01-26 14:43:30.910 +08 [23924] LOG:  could not receive data from client: An existing connection was forcibly closed by the remote host.
	
2026-01-26 14:43:30.910 +08 [4060] LOG:  could not receive data from client: An existing connection was forcibly closed by the remote host.
	
2026-01-26 14:43:30.911 +08 [23380] LOG:  could not receive data from client: An existing connection was forcibly closed by the remote host.
	
2026-01-26 14:43:30.911 +08 [22176] LOG:  could not receive data from client: An existing connection was forcibly closed by the remote host.
	
2026-01-26 15:49:45.695 +08 [6000] LOG:  received fast shutdown request
2026-01-26 15:49:45.697 +08 [6000] LOG:  aborting any active transactions
2026-01-26 15:49:45.718 +08 [8564] ERROR:  canceling statement due to user request
2026-01-26 15:49:45.722 +08 [6000] LOG:  background worker "logical replication launcher" (PID 8564) exited with exit code 1
2026-01-26 15:49:45.726 +08 [8496] LOG:  shutting down
2026-01-26 15:49:45.745 +08 [6000] LOG:  database system is shut down
